// Jest Snapshot v1, https://goo.gl/fbAQLP

exports[`renders correctly 1`] = `
<RCTSafeAreaView
  style={
    Array [
      Object {
        "flex": 1,
      },
      Object {
        "backgroundColor": "#fff",
      },
    ]
  }
>
  <View
    style={
      Array [
        Object {
          "flex": 1,
        },
        false,
      ]
    }
  />
</RCTSafeAreaView>
`;
